Generating Intro and Overview...
Generating Chapter 01 (185 segments)...
Exporting /mnt/d/git_repo/TKprof_book/books/the_enchanted_april/final_audio_ko/final_track_02.mp3...
Generating Chapter 02 (61 segments)...
Exporting /mnt/d/git_repo/TKprof_book/books/the_enchanted_april/final_audio_ko/final_track_03.mp3...
Generating Chapter 03 (122 segments)...
Exporting /mnt/d/git_repo/TKprof_book/books/the_enchanted_april/final_audio_ko/final_track_04.mp3...
Generating Chapter 04 (36 segments)...
Exporting /mnt/d/git_repo/TKprof_book/books/the_enchanted_april/final_audio_ko/final_track_05.mp3...
Generating Chapter 05 (108 segments)...
Exporting /mnt/d/git_repo/TKprof_book/books/the_enchanted_april/final_audio_ko/final_track_06.mp3...
Generating Chapter 06 (119 segments)...
Exporting /mnt/d/git_repo/TKprof_book/books/the_enchanted_april/final_audio_ko/final_track_07.mp3...
Generating Chapter 07 (123 segments)...
Exporting /mnt/d/git_repo/TKprof_book/books/the_enchanted_april/final_audio_ko/final_track_08.mp3...
Generating Chapter 08 (120 segments)...
Exporting /mnt/d/git_repo/TKprof_book/books/the_enchanted_april/final_audio_ko/final_track_09.mp3...
Generating Chapter 09 (95 segments)...
Exporting /mnt/d/git_repo/TKprof_book/books/the_enchanted_april/final_audio_ko/final_track_10.mp3...
Generating Chapter 10 (89 segments)...
Exporting /mnt/d/git_repo/TKprof_book/books/the_enchanted_april/final_audio_ko/final_track_11.mp3...
Generating Chapter 11 (148 segments)...
Exporting /mnt/d/git_repo/TKprof_book/books/the_enchanted_april/final_audio_ko/final_track_12.mp3...
Generating Chapter 12 (232 segments)...
Exporting /mnt/d/git_repo/TKprof_book/books/the_enchanted_april/final_audio_ko/final_track_13.mp3...
Generating Chapter 13 (90 segments)...
Exporting /mnt/d/git_repo/TKprof_book/books/the_enchanted_april/final_audio_ko/final_track_14.mp3...
Generating Chapter 14 (72 segments)...
Exporting /mnt/d/git_repo/TKprof_book/books/the_enchanted_april/final_audio_ko/final_track_15.mp3...
Generating Chapter 15 (117 segments)...
Exporting /mnt/d/git_repo/TKprof_book/books/the_enchanted_april/final_audio_ko/final_track_16.mp3...
Generating Chapter 16 (55 segments)...
Exporting /mnt/d/git_repo/TKprof_book/books/the_enchanted_april/final_audio_ko/final_track_17.mp3...
Generating Chapter 17 (147 segments)...
Exporting /mnt/d/git_repo/TKprof_book/books/the_enchanted_april/final_audio_ko/final_track_18.mp3...
Generating Chapter 18 (128 segments)...
Exporting /mnt/d/git_repo/TKprof_book/books/the_enchanted_april/final_audio_ko/final_track_19.mp3...
Generating Chapter 19 (139 segments)...
Exporting /mnt/d/git_repo/TKprof_book/books/the_enchanted_april/final_audio_ko/final_track_20.mp3...
Generating Chapter 20 (53 segments)...
Exporting /mnt/d/git_repo/TKprof_book/books/the_enchanted_april/final_audio_ko/final_track_21.mp3...
Generating Chapter 21 (108 segments)...
Exporting /mnt/d/git_repo/TKprof_book/books/the_enchanted_april/final_audio_ko/final_track_22.mp3...
Generating Chapter 22 (167 segments)...
Exporting /mnt/d/git_repo/TKprof_book/books/the_enchanted_april/final_audio_ko/final_track_23.mp3...
Generating Closing Track...
Generating Sample Track...
Sample exported to /mnt/d/git_repo/TKprof_book/books/the_enchanted_april/final_audio_ko/sample.mp3
