/mnt/d/git_repo/TKprof_book/wsl_venv/lib/python3.11/site-packages/torch/cuda/__init__.py:187: UserWarning: CUDA initialization: The NVIDIA driver on your system is too old (found version 12050). Please update your GPU driver by downloading and installing a new version from the URL: http://www.nvidia.com/Download/index.aspx Alternatively, go to: https://pytorch.org to install a PyTorch version that has been compiled with your version of the CUDA driver. (Triggered internally at /pytorch/c10/cuda/CUDAFunctions.cpp:119.)
  return torch._C._cuda_getDeviceCount() > 0
Warning: You are sending unauthenticated requests to the HF Hub. Please set a HF_TOKEN to enable higher rate limits and faster downloads.
/mnt/d/git_repo/TKprof_book/wsl_venv/lib/python3.11/site-packages/torch/nn/modules/rnn.py:1009: UserWarning: dropout option adds dropout after all but last recurrent layer, so non-zero dropout expects num_layers greater than 1, but got dropout=0.2 and num_layers=1
  super().__init__("LSTM", *args, **kwargs)
/mnt/d/git_repo/TKprof_book/wsl_venv/lib/python3.11/site-packages/torch/nn/utils/weight_norm.py:144: FutureWarning: `torch.nn.utils.weight_norm` is deprecated in favor of `torch.nn.utils.parametrizations.weight_norm`.
  WeightNorm.apply(module, name, dim)
/mnt/d/git_repo/TKprof_book/wsl_venv/lib/python3.11/site-packages/torch/nn/modules/rnn.py:1009: UserWarning: dropout option adds dropout after all but last recurrent layer, so non-zero dropout expects num_layers greater than 1, but got dropout=0.2 and num_layers=1
  super().__init__("LSTM", *args, **kwargs)
/mnt/d/git_repo/TKprof_book/wsl_venv/lib/python3.11/site-packages/torch/nn/utils/weight_norm.py:144: FutureWarning: `torch.nn.utils.weight_norm` is deprecated in favor of `torch.nn.utils.parametrizations.weight_norm`.
  WeightNorm.apply(module, name, dim)
Generating Intro and Overview...
Generating single file from /mnt/d/git_repo/TKprof_book/books/secret_garden/introduction_en.txt...
WARNING: Defaulting repo_id to hexgrad/Kokoro-82M. Pass repo_id='hexgrad/Kokoro-82M' to suppress this warning.
Generating single file from /mnt/d/git_repo/TKprof_book/books/secret_garden/overview_en.txt...
Generating Chapter 01 (63 segments)...
Exporting /mnt/d/git_repo/TKprof_book/books/secret_garden/final_audio/final_track_02.mp3...
Chapter 01 complete!
Generating Chapter 02 (57 segments)...
WARNING: Defaulting repo_id to hexgrad/Kokoro-82M. Pass repo_id='hexgrad/Kokoro-82M' to suppress this warning.
Exporting /mnt/d/git_repo/TKprof_book/books/secret_garden/final_audio/final_track_03.mp3...
Chapter 02 complete!
Generating Chapter 03 (63 segments)...
Exporting /mnt/d/git_repo/TKprof_book/books/secret_garden/final_audio/final_track_04.mp3...
Chapter 03 complete!
Generating Chapter 04 (292 segments)...
Exporting /mnt/d/git_repo/TKprof_book/books/secret_garden/final_audio/final_track_05.mp3...
Chapter 04 complete!
Generating Chapter 05 (83 segments)...
Exporting /mnt/d/git_repo/TKprof_book/books/secret_garden/final_audio/final_track_06.mp3...
Chapter 05 complete!
Generating Chapter 06 (75 segments)...
Exporting /mnt/d/git_repo/TKprof_book/books/secret_garden/final_audio/final_track_07.mp3...
Chapter 06 complete!
Generating Chapter 07 (114 segments)...
Exporting /mnt/d/git_repo/TKprof_book/books/secret_garden/final_audio/final_track_08.mp3...
Chapter 07 complete!
Generating Chapter 08 (109 segments)...
Exporting /mnt/d/git_repo/TKprof_book/books/secret_garden/final_audio/final_track_09.mp3...
Chapter 08 complete!
Generating Chapter 09 (114 segments)...
Exporting /mnt/d/git_repo/TKprof_book/books/secret_garden/final_audio/final_track_10.mp3...
Chapter 09 complete!
Generating Chapter 10 (204 segments)...
Exporting /mnt/d/git_repo/TKprof_book/books/secret_garden/final_audio/final_track_11.mp3...
Chapter 10 complete!
Generating Chapter 11 (201 segments)...
Exporting /mnt/d/git_repo/TKprof_book/books/secret_garden/final_audio/final_track_12.mp3...
Chapter 11 complete!
Generating Chapter 12 (217 segments)...
Exporting /mnt/d/git_repo/TKprof_book/books/secret_garden/final_audio/final_track_13.mp3...
Chapter 12 complete!
Generating Chapter 13 (294 segments)...
Exporting /mnt/d/git_repo/TKprof_book/books/secret_garden/final_audio/final_track_14.mp3...
Chapter 13 complete!
Generating Chapter 14 (268 segments)...
Exporting /mnt/d/git_repo/TKprof_book/books/secret_garden/final_audio/final_track_15.mp3...
Chapter 14 complete!
Generating Chapter 15 (188 segments)...
Exporting /mnt/d/git_repo/TKprof_book/books/secret_garden/final_audio/final_track_16.mp3...
Chapter 15 complete!
Generating Chapter 16 (144 segments)...
Exporting /mnt/d/git_repo/TKprof_book/books/secret_garden/final_audio/final_track_17.mp3...
Chapter 16 complete!
Generating Chapter 17 (123 segments)...
Exporting /mnt/d/git_repo/TKprof_book/books/secret_garden/final_audio/final_track_18.mp3...
Chapter 17 complete!
Generating Chapter 18 (131 segments)...
Exporting /mnt/d/git_repo/TKprof_book/books/secret_garden/final_audio/final_track_19.mp3...
Chapter 18 complete!
Generating Chapter 19 (198 segments)...
Exporting /mnt/d/git_repo/TKprof_book/books/secret_garden/final_audio/final_track_20.mp3...
Chapter 19 complete!
Generating Chapter 20 (147 segments)...
Exporting /mnt/d/git_repo/TKprof_book/books/secret_garden/final_audio/final_track_21.mp3...
Chapter 20 complete!
Generating Chapter 21 (187 segments)...
Exporting /mnt/d/git_repo/TKprof_book/books/secret_garden/final_audio/final_track_22.mp3...
Chapter 21 complete!
Generating Chapter 22 (133 segments)...
Exporting /mnt/d/git_repo/TKprof_book/books/secret_garden/final_audio/final_track_23.mp3...
Chapter 22 complete!
Generating Chapter 23 (206 segments)...
Exporting /mnt/d/git_repo/TKprof_book/books/secret_garden/final_audio/final_track_24.mp3...
Chapter 23 complete!
Generating Chapter 24 (173 segments)...
Exporting /mnt/d/git_repo/TKprof_book/books/secret_garden/final_audio/final_track_25.mp3...
Chapter 24 complete!
Generating Chapter 25 (80 segments)...
Exporting /mnt/d/git_repo/TKprof_book/books/secret_garden/final_audio/final_track_26.mp3...
Chapter 25 complete!
Generating Chapter 26 (169 segments)...
Exporting /mnt/d/git_repo/TKprof_book/books/secret_garden/final_audio/final_track_27.mp3...
Chapter 26 complete!
Generating Chapter 27 (154 segments)...
Exporting /mnt/d/git_repo/TKprof_book/books/secret_garden/final_audio/final_track_28.mp3...
Chapter 27 complete!
Generating Closing Track...
Generating single file from /mnt/d/git_repo/TKprof_book/books/secret_garden/copyright_en.txt...
Generating Sample Track (sample.mp3)...
Sample exported to /mnt/d/git_repo/TKprof_book/books/secret_garden/final_audio/sample.mp3
