Generating Intro and Overview...
Generating Chapter 01 (62 segments)...
Exporting /mnt/d/git_repo/TKprof_book/books/secret_garden/final_audio_ko/final_track_02.mp3...
Chapter 01 complete!
Generating Chapter 02 (57 segments)...
Exporting /mnt/d/git_repo/TKprof_book/books/secret_garden/final_audio_ko/final_track_03.mp3...
Chapter 02 complete!
Generating Chapter 03 (61 segments)...
Exporting /mnt/d/git_repo/TKprof_book/books/secret_garden/final_audio_ko/final_track_04.mp3...
Chapter 03 complete!
Generating Chapter 04 (288 segments)...
Exporting /mnt/d/git_repo/TKprof_book/books/secret_garden/final_audio_ko/final_track_05.mp3...
Chapter 04 complete!
Generating Chapter 05 (83 segments)...
Exporting /mnt/d/git_repo/TKprof_book/books/secret_garden/final_audio_ko/final_track_06.mp3...
Chapter 05 complete!
Generating Chapter 06 (75 segments)...
Exporting /mnt/d/git_repo/TKprof_book/books/secret_garden/final_audio_ko/final_track_07.mp3...
Chapter 06 complete!
Generating Chapter 07 (114 segments)...
Exporting /mnt/d/git_repo/TKprof_book/books/secret_garden/final_audio_ko/final_track_08.mp3...
Chapter 07 complete!
Generating Chapter 08 (109 segments)...
Exporting /mnt/d/git_repo/TKprof_book/books/secret_garden/final_audio_ko/final_track_09.mp3...
Chapter 08 complete!
Generating Chapter 09 (114 segments)...
Exporting /mnt/d/git_repo/TKprof_book/books/secret_garden/final_audio_ko/final_track_10.mp3...
Chapter 09 complete!
Generating Chapter 10 (133 segments)...
Exporting /mnt/d/git_repo/TKprof_book/books/secret_garden/final_audio_ko/final_track_11.mp3...
Chapter 10 complete!
Generating Chapter 11 (188 segments)...
Exporting /mnt/d/git_repo/TKprof_book/books/secret_garden/final_audio_ko/final_track_12.mp3...
Chapter 11 complete!
Generating Chapter 12 (217 segments)...
Exporting /mnt/d/git_repo/TKprof_book/books/secret_garden/final_audio_ko/final_track_13.mp3...
Chapter 12 complete!
Generating Chapter 13 (293 segments)...
Exporting /mnt/d/git_repo/TKprof_book/books/secret_garden/final_audio_ko/final_track_14.mp3...
Chapter 13 complete!
Generating Chapter 14 (265 segments)...
Exporting /mnt/d/git_repo/TKprof_book/books/secret_garden/final_audio_ko/final_track_15.mp3...
Chapter 14 complete!
Generating Chapter 15 (187 segments)...
Exporting /mnt/d/git_repo/TKprof_book/books/secret_garden/final_audio_ko/final_track_16.mp3...
Chapter 15 complete!
Generating Chapter 16 (137 segments)...
Exporting /mnt/d/git_repo/TKprof_book/books/secret_garden/final_audio_ko/final_track_17.mp3...
Chapter 16 complete!
Generating Chapter 17 (123 segments)...
Exporting /mnt/d/git_repo/TKprof_book/books/secret_garden/final_audio_ko/final_track_18.mp3...
Chapter 17 complete!
Generating Chapter 18 (127 segments)...
Exporting /mnt/d/git_repo/TKprof_book/books/secret_garden/final_audio_ko/final_track_19.mp3...
Chapter 18 complete!
Generating Chapter 19 (194 segments)...
Exporting /mnt/d/git_repo/TKprof_book/books/secret_garden/final_audio_ko/final_track_20.mp3...
Chapter 19 complete!
Generating Chapter 20 (150 segments)...
Exporting /mnt/d/git_repo/TKprof_book/books/secret_garden/final_audio_ko/final_track_21.mp3...
Chapter 20 complete!
Generating Chapter 21 (183 segments)...
Exporting /mnt/d/git_repo/TKprof_book/books/secret_garden/final_audio_ko/final_track_22.mp3...
Chapter 21 complete!
Generating Chapter 22 (82 segments)...
Exporting /mnt/d/git_repo/TKprof_book/books/secret_garden/final_audio_ko/final_track_23.mp3...
Chapter 22 complete!
Generating Chapter 23 (200 segments)...
Exporting /mnt/d/git_repo/TKprof_book/books/secret_garden/final_audio_ko/final_track_24.mp3...
Chapter 23 complete!
Generating Chapter 24 (169 segments)...
Exporting /mnt/d/git_repo/TKprof_book/books/secret_garden/final_audio_ko/final_track_25.mp3...
Chapter 24 complete!
Generating Chapter 25 (70 segments)...
Exporting /mnt/d/git_repo/TKprof_book/books/secret_garden/final_audio_ko/final_track_26.mp3...
Chapter 25 complete!
Generating Chapter 26 (167 segments)...
Exporting /mnt/d/git_repo/TKprof_book/books/secret_garden/final_audio_ko/final_track_27.mp3...
Chapter 26 complete!
Generating Chapter 27 (154 segments)...
Exporting /mnt/d/git_repo/TKprof_book/books/secret_garden/final_audio_ko/final_track_28.mp3...
Chapter 27 complete!
Generating Closing Track...
Generating Sample Track (sample.mp3)...
Sample exported to /mnt/d/git_repo/TKprof_book/books/secret_garden/final_audio_ko/sample.mp3
