/mnt/d/git_repo/TKprof_book/wsl_venv/lib/python3.11/site-packages/torch/cuda/__init__.py:187: UserWarning: CUDA initialization: The NVIDIA driver on your system is too old (found version 12050). Please update your GPU driver by downloading and installing a new version from the URL: http://www.nvidia.com/Download/index.aspx Alternatively, go to: https://pytorch.org to install a PyTorch version that has been compiled with your version of the CUDA driver. (Triggered internally at /pytorch/c10/cuda/CUDAFunctions.cpp:119.)
  return torch._C._cuda_getDeviceCount() > 0
Generating Chapter 01 (167 segments)...
WARNING: Defaulting repo_id to hexgrad/Kokoro-82M. Pass repo_id='hexgrad/Kokoro-82M' to suppress this warning.
Warning: You are sending unauthenticated requests to the HF Hub. Please set a HF_TOKEN to enable higher rate limits and faster downloads.
/mnt/d/git_repo/TKprof_book/wsl_venv/lib/python3.11/site-packages/torch/nn/modules/rnn.py:1009: UserWarning: dropout option adds dropout after all but last recurrent layer, so non-zero dropout expects num_layers greater than 1, but got dropout=0.2 and num_layers=1
  super().__init__("LSTM", *args, **kwargs)
/mnt/d/git_repo/TKprof_book/wsl_venv/lib/python3.11/site-packages/torch/nn/utils/weight_norm.py:144: FutureWarning: `torch.nn.utils.weight_norm` is deprecated in favor of `torch.nn.utils.parametrizations.weight_norm`.
  WeightNorm.apply(module, name, dim)
WARNING: Defaulting repo_id to hexgrad/Kokoro-82M. Pass repo_id='hexgrad/Kokoro-82M' to suppress this warning.
Exporting /mnt/d/git_repo/TKprof_book/books/the_enchanted_april/final_audio/final_track_02.mp3...
Chapter 01 complete!
Generating Chapter 02 (54 segments)...
Exporting /mnt/d/git_repo/TKprof_book/books/the_enchanted_april/final_audio/final_track_03.mp3...
Chapter 02 complete!
Generating Chapter 03 (113 segments)...
Exporting /mnt/d/git_repo/TKprof_book/books/the_enchanted_april/final_audio/final_track_04.mp3...
Chapter 03 complete!
Generating Chapter 04 (33 segments)...
Exporting /mnt/d/git_repo/TKprof_book/books/the_enchanted_april/final_audio/final_track_05.mp3...
Chapter 04 complete!
Generating Chapter 05 (91 segments)...
Exporting /mnt/d/git_repo/TKprof_book/books/the_enchanted_april/final_audio/final_track_06.mp3...
Chapter 05 complete!
Generating Chapter 06 (101 segments)...
Exporting /mnt/d/git_repo/TKprof_book/books/the_enchanted_april/final_audio/final_track_07.mp3...
Chapter 06 complete!
Generating Chapter 07 (109 segments)...
Exporting /mnt/d/git_repo/TKprof_book/books/the_enchanted_april/final_audio/final_track_08.mp3...
Chapter 07 complete!
Generating Chapter 08 (86 segments)...
Exporting /mnt/d/git_repo/TKprof_book/books/the_enchanted_april/final_audio/final_track_09.mp3...
Chapter 08 complete!
Generating Chapter 09 (79 segments)...
Exporting /mnt/d/git_repo/TKprof_book/books/the_enchanted_april/final_audio/final_track_10.mp3...
Chapter 09 complete!
Generating Chapter 10 (26 segments)...
Exporting /mnt/d/git_repo/TKprof_book/books/the_enchanted_april/final_audio/final_track_11.mp3...
Chapter 10 complete!
Generating Chapter 11 (132 segments)...
Exporting /mnt/d/git_repo/TKprof_book/books/the_enchanted_april/final_audio/final_track_12.mp3...
Chapter 11 complete!
Generating Chapter 12 (191 segments)...
Exporting /mnt/d/git_repo/TKprof_book/books/the_enchanted_april/final_audio/final_track_13.mp3...
Chapter 12 complete!
Generating Chapter 13 (77 segments)...
Exporting /mnt/d/git_repo/TKprof_book/books/the_enchanted_april/final_audio/final_track_14.mp3...
Chapter 13 complete!
Generating Chapter 14 (69 segments)...
Exporting /mnt/d/git_repo/TKprof_book/books/the_enchanted_april/final_audio/final_track_15.mp3...
Chapter 14 complete!
Generating Chapter 15 (108 segments)...
Exporting /mnt/d/git_repo/TKprof_book/books/the_enchanted_april/final_audio/final_track_16.mp3...
Chapter 15 complete!
Generating Chapter 16 (55 segments)...
Exporting /mnt/d/git_repo/TKprof_book/books/the_enchanted_april/final_audio/final_track_17.mp3...
Chapter 16 complete!
Generating Chapter 17 (130 segments)...
Exporting /mnt/d/git_repo/TKprof_book/books/the_enchanted_april/final_audio/final_track_18.mp3...
Chapter 17 complete!
Generating Chapter 18 (109 segments)...
Exporting /mnt/d/git_repo/TKprof_book/books/the_enchanted_april/final_audio/final_track_19.mp3...
Chapter 18 complete!
Generating Chapter 19 (128 segments)...
Exporting /mnt/d/git_repo/TKprof_book/books/the_enchanted_april/final_audio/final_track_20.mp3...
Chapter 19 complete!
Generating Chapter 20 (47 segments)...
Exporting /mnt/d/git_repo/TKprof_book/books/the_enchanted_april/final_audio/final_track_21.mp3...
Chapter 20 complete!
Generating Chapter 21 (89 segments)...
Exporting /mnt/d/git_repo/TKprof_book/books/the_enchanted_april/final_audio/final_track_22.mp3...
Chapter 21 complete!
Generating Chapter 22 (141 segments)...
Exporting /mnt/d/git_repo/TKprof_book/books/the_enchanted_april/final_audio/final_track_23.mp3...
Chapter 22 complete!
Generating Sample Track (sample.mp3)...
Sample exported to /mnt/d/git_repo/TKprof_book/books/the_enchanted_april/final_audio/sample.mp3
[WARNING] Overwrite mode enabled. Files will be modified in-place.
Found 23 MP3 files to process.
Output directory: /mnt/d/git_repo/TKprof_book/books/the_enchanted_april/final_audio
============================================================
Processing final_track_02.mp3...
  -> SUCCESS! Passed quality check. (Peak=-3.20dB, RMS=-19.70dB)
Processing final_track_03.mp3...
  -> SUCCESS! Passed quality check. (Peak=-3.40dB, RMS=-19.80dB)
Processing final_track_04.mp3...
  -> SUCCESS! Passed quality check. (Peak=-3.40dB, RMS=-20.00dB)
Processing final_track_05.mp3...
  -> SUCCESS! Passed quality check. (Peak=-3.50dB, RMS=-19.60dB)
Processing final_track_06.mp3...
  -> SUCCESS! Passed quality check. (Peak=-3.50dB, RMS=-19.80dB)
Processing final_track_07.mp3...
  -> SUCCESS! Passed quality check. (Peak=-3.40dB, RMS=-19.70dB)
Processing final_track_08.mp3...
  -> SUCCESS! Passed quality check. (Peak=-3.40dB, RMS=-19.80dB)
Processing final_track_09.mp3...
  -> SUCCESS! Passed quality check. (Peak=-3.50dB, RMS=-19.80dB)
Processing final_track_10.mp3...
  -> SUCCESS! Passed quality check. (Peak=-3.50dB, RMS=-19.60dB)
Processing final_track_11.mp3...
  -> SUCCESS! Passed quality check. (Peak=-3.50dB, RMS=-19.60dB)
Processing final_track_12.mp3...
  -> SUCCESS! Passed quality check. (Peak=-3.40dB, RMS=-19.90dB)
Processing final_track_13.mp3...
  -> SUCCESS! Passed quality check. (Peak=-3.50dB, RMS=-20.00dB)
Processing final_track_14.mp3...
  -> SUCCESS! Passed quality check. (Peak=-3.50dB, RMS=-19.60dB)
Processing final_track_15.mp3...
  -> SUCCESS! Passed quality check. (Peak=-3.50dB, RMS=-19.60dB)
Processing final_track_16.mp3...
  -> SUCCESS! Passed quality check. (Peak=-3.50dB, RMS=-19.60dB)
Processing final_track_17.mp3...
  -> SUCCESS! Passed quality check. (Peak=-3.50dB, RMS=-19.60dB)
Processing final_track_18.mp3...
  -> SUCCESS! Passed quality check. (Peak=-3.50dB, RMS=-19.70dB)
Processing final_track_19.mp3...
  -> SUCCESS! Passed quality check. (Peak=-3.20dB, RMS=-20.00dB)
Processing final_track_20.mp3...
  -> SUCCESS! Passed quality check. (Peak=-3.50dB, RMS=-19.90dB)
Processing final_track_21.mp3...
  -> SUCCESS! Passed quality check. (Peak=-3.40dB, RMS=-19.70dB)
Processing final_track_22.mp3...
  -> SUCCESS! Passed quality check. (Peak=-3.50dB, RMS=-19.90dB)
Processing final_track_23.mp3...
  -> SUCCESS! Passed quality check. (Peak=-3.50dB, RMS=-19.90dB)
Processing sample.mp3...
  -> SUCCESS! Passed quality check. (Peak=-3.50dB, RMS=-19.70dB)

============================================================
Process complete: 23 files fixed successfully, 0 files failed.
============================================================
