==========================================================
Step 1: Deleting existing audio files for affected tracks...
==========================================================
==========================================================
Step 2: Regenerating English audiobook tracks...
==========================================================
/mnt/d/git_repo/TKprof_book/wsl_venv/lib/python3.11/site-packages/torch/cuda/__init__.py:187: UserWarning: CUDA initialization: The NVIDIA driver on your system is too old (found version 12050). Please update your GPU driver by downloading and installing a new version from the URL: http://www.nvidia.com/Download/index.aspx Alternatively, go to: https://pytorch.org to install a PyTorch version that has been compiled with your version of the CUDA driver. (Triggered internally at /pytorch/c10/cuda/CUDAFunctions.cpp:119.)
  return torch._C._cuda_getDeviceCount() > 0
Warning: You are sending unauthenticated requests to the HF Hub. Please set a HF_TOKEN to enable higher rate limits and faster downloads.
/mnt/d/git_repo/TKprof_book/wsl_venv/lib/python3.11/site-packages/torch/nn/modules/rnn.py:1009: UserWarning: dropout option adds dropout after all but last recurrent layer, so non-zero dropout expects num_layers greater than 1, but got dropout=0.2 and num_layers=1
  super().__init__("LSTM", *args, **kwargs)
/mnt/d/git_repo/TKprof_book/wsl_venv/lib/python3.11/site-packages/torch/nn/utils/weight_norm.py:144: FutureWarning: `torch.nn.utils.weight_norm` is deprecated in favor of `torch.nn.utils.parametrizations.weight_norm`.
  WeightNorm.apply(module, name, dim)
Generating Chapter 20 (147 segments)...
WARNING: Defaulting repo_id to hexgrad/Kokoro-82M. Pass repo_id='hexgrad/Kokoro-82M' to suppress this warning.
Exporting /mnt/d/git_repo/TKprof_book/books/secret_garden/final_audio/final_track_21.mp3...
Chapter 20 complete!
/mnt/d/git_repo/TKprof_book/wsl_venv/lib/python3.11/site-packages/torch/cuda/__init__.py:187: UserWarning: CUDA initialization: The NVIDIA driver on your system is too old (found version 12050). Please update your GPU driver by downloading and installing a new version from the URL: http://www.nvidia.com/Download/index.aspx Alternatively, go to: https://pytorch.org to install a PyTorch version that has been compiled with your version of the CUDA driver. (Triggered internally at /pytorch/c10/cuda/CUDAFunctions.cpp:119.)
  return torch._C._cuda_getDeviceCount() > 0
Warning: You are sending unauthenticated requests to the HF Hub. Please set a HF_TOKEN to enable higher rate limits and faster downloads.
/mnt/d/git_repo/TKprof_book/wsl_venv/lib/python3.11/site-packages/torch/nn/modules/rnn.py:1009: UserWarning: dropout option adds dropout after all but last recurrent layer, so non-zero dropout expects num_layers greater than 1, but got dropout=0.2 and num_layers=1
  super().__init__("LSTM", *args, **kwargs)
/mnt/d/git_repo/TKprof_book/wsl_venv/lib/python3.11/site-packages/torch/nn/utils/weight_norm.py:144: FutureWarning: `torch.nn.utils.weight_norm` is deprecated in favor of `torch.nn.utils.parametrizations.weight_norm`.
  WeightNorm.apply(module, name, dim)
Generating Chapter 24 (173 segments)...
WARNING: Defaulting repo_id to hexgrad/Kokoro-82M. Pass repo_id='hexgrad/Kokoro-82M' to suppress this warning.
WARNING: Defaulting repo_id to hexgrad/Kokoro-82M. Pass repo_id='hexgrad/Kokoro-82M' to suppress this warning.
Exporting /mnt/d/git_repo/TKprof_book/books/secret_garden/final_audio/final_track_25.mp3...
Chapter 24 complete!
==========================================================
Step 3: Regenerating Korean audiobook tracks...
==========================================================
Generating Chapter 17 (123 segments)...
Exporting /mnt/d/git_repo/TKprof_book/books/secret_garden/final_audio_ko/final_track_18.mp3...
Chapter 17 complete!
Generating Chapter 20 (150 segments)...
Exporting /mnt/d/git_repo/TKprof_book/books/secret_garden/final_audio_ko/final_track_21.mp3...
Chapter 20 complete!
Generating Chapter 21 (183 segments)...
Exporting /mnt/d/git_repo/TKprof_book/books/secret_garden/final_audio_ko/final_track_22.mp3...
Chapter 21 complete!
Generating Chapter 22 (82 segments)...
Exporting /mnt/d/git_repo/TKprof_book/books/secret_garden/final_audio_ko/final_track_23.mp3...
Chapter 22 complete!
Generating Chapter 24 (169 segments)...
Exporting /mnt/d/git_repo/TKprof_book/books/secret_garden/final_audio_ko/final_track_25.mp3...
Chapter 24 complete!
Generating Chapter 26 (167 segments)...
Exporting /mnt/d/git_repo/TKprof_book/books/secret_garden/final_audio_ko/final_track_27.mp3...
Chapter 26 complete!
==========================================================
Step 4: Post-processing and normalizing quality...
==========================================================
[WARNING] Overwrite mode enabled. Files will be modified in-place.
Found 31 MP3 files to process.
Output directory: /mnt/d/git_repo/TKprof_book/books/secret_garden/final_audio
============================================================
Processing closing.mp3...
  -> SUCCESS! Passed quality check. (Peak=-3.50dB, RMS=-20.20dB)
Processing final_track_00_intro.mp3...
  -> SUCCESS! Passed quality check. (Peak=-3.50dB, RMS=-22.50dB)
Processing final_track_01.mp3...
  -> SUCCESS! Passed quality check. (Peak=-3.50dB, RMS=-19.60dB)
Processing final_track_02.mp3...
  -> SUCCESS! Passed quality check. (Peak=-3.40dB, RMS=-19.90dB)
Processing final_track_03.mp3...
  -> SUCCESS! Passed quality check. (Peak=-3.50dB, RMS=-20.00dB)
Processing final_track_04.mp3...
  -> SUCCESS! Passed quality check. (Peak=-3.50dB, RMS=-20.00dB)
Processing final_track_05.mp3...
  -> SUCCESS! Passed quality check. (Peak=-3.40dB, RMS=-20.70dB)
Processing final_track_06.mp3...
  -> SUCCESS! Passed quality check. (Peak=-3.40dB, RMS=-19.90dB)
Processing final_track_07.mp3...
  -> SUCCESS! Passed quality check. (Peak=-3.40dB, RMS=-20.20dB)
Processing final_track_08.mp3...
  -> SUCCESS! Passed quality check. (Peak=-3.50dB, RMS=-20.70dB)
Processing final_track_09.mp3...
  -> SUCCESS! Passed quality check. (Peak=-3.40dB, RMS=-20.20dB)
Processing final_track_10.mp3...
  -> SUCCESS! Passed quality check. (Peak=-3.40dB, RMS=-19.80dB)
Processing final_track_11.mp3...
  -> SUCCESS! Passed quality check. (Peak=-3.50dB, RMS=-20.30dB)
Processing final_track_12.mp3...
  -> SUCCESS! Passed quality check. (Peak=-3.50dB, RMS=-20.60dB)
Processing final_track_13.mp3...
  -> SUCCESS! Passed quality check. (Peak=-3.50dB, RMS=-21.20dB)
Processing final_track_14.mp3...
  -> SUCCESS! Passed quality check. (Peak=-3.50dB, RMS=-20.40dB)
Processing final_track_15.mp3...
  -> SUCCESS! Passed quality check. (Peak=-3.40dB, RMS=-20.80dB)
Processing final_track_16.mp3...
  -> SUCCESS! Passed quality check. (Peak=-3.40dB, RMS=-20.50dB)
Processing final_track_17.mp3...
  -> SUCCESS! Passed quality check. (Peak=-3.50dB, RMS=-20.40dB)
Processing final_track_18.mp3...
  -> SUCCESS! Passed quality check. (Peak=-3.50dB, RMS=-20.20dB)
Processing final_track_19.mp3...
  -> SUCCESS! Passed quality check. (Peak=-3.50dB, RMS=-20.40dB)
Processing final_track_20.mp3...
  -> SUCCESS! Passed quality check. (Peak=-3.50dB, RMS=-20.30dB)
Processing final_track_21.mp3...
  -> SUCCESS! Passed quality check. (Peak=-3.50dB, RMS=-20.50dB)
Processing final_track_22.mp3...
  -> SUCCESS! Passed quality check. (Peak=-3.50dB, RMS=-20.20dB)
Processing final_track_23.mp3...
  -> SUCCESS! Passed quality check. (Peak=-3.50dB, RMS=-20.70dB)
Processing final_track_24.mp3...
  -> SUCCESS! Passed quality check. (Peak=-3.50dB, RMS=-20.30dB)
Processing final_track_25.mp3...
  -> SUCCESS! Passed quality check. (Peak=-3.00dB, RMS=-20.70dB)
Processing final_track_26.mp3...
  -> SUCCESS! Passed quality check. (Peak=-3.50dB, RMS=-19.80dB)
Processing final_track_27.mp3...
  -> SUCCESS! Passed quality check. (Peak=-3.40dB, RMS=-20.00dB)
Processing final_track_28.mp3...
  -> SUCCESS! Passed quality check. (Peak=-3.50dB, RMS=-19.90dB)
Processing sample.mp3...
  -> SUCCESS! Passed quality check. (Peak=-3.50dB, RMS=-19.90dB)

============================================================
Process complete: 31 files fixed successfully, 0 files failed.
============================================================
[WARNING] Overwrite mode enabled. Files will be modified in-place.
Found 31 MP3 files to process.
Output directory: /mnt/d/git_repo/TKprof_book/books/secret_garden/final_audio_ko
============================================================
Processing closing.mp3...
  -> SUCCESS! Passed quality check. (Peak=-4.80dB, RMS=-19.60dB)
Processing final_track_00_intro.mp3...
  -> SUCCESS! Passed quality check. (Peak=-5.30dB, RMS=-22.20dB)
Processing final_track_01.mp3...
  -> SUCCESS! Passed quality check. (Peak=-4.00dB, RMS=-19.40dB)
Processing final_track_02.mp3...
  -> SUCCESS! Passed quality check. (Peak=-4.00dB, RMS=-19.60dB)
Processing final_track_03.mp3...
  -> SUCCESS! Passed quality check. (Peak=-3.90dB, RMS=-19.30dB)
Processing final_track_04.mp3...
  -> SUCCESS! Passed quality check. (Peak=-4.30dB, RMS=-19.40dB)
Processing final_track_05.mp3...
  -> SUCCESS! Passed quality check. (Peak=-3.50dB, RMS=-19.80dB)
Processing final_track_06.mp3...
  -> SUCCESS! Passed quality check. (Peak=-4.50dB, RMS=-19.40dB)
Processing final_track_07.mp3...
  -> SUCCESS! Passed quality check. (Peak=-3.50dB, RMS=-19.50dB)
Processing final_track_08.mp3...
  -> SUCCESS! Passed quality check. (Peak=-3.80dB, RMS=-19.70dB)
Processing final_track_09.mp3...
  -> SUCCESS! Passed quality check. (Peak=-3.50dB, RMS=-19.50dB)
Processing final_track_10.mp3...
  -> SUCCESS! Passed quality check. (Peak=-3.90dB, RMS=-19.50dB)
Processing final_track_11.mp3...
  -> SUCCESS! Passed quality check. (Peak=-3.50dB, RMS=-19.70dB)
Processing final_track_12.mp3...
  -> SUCCESS! Passed quality check. (Peak=-3.50dB, RMS=-19.90dB)
Processing final_track_13.mp3...
  -> SUCCESS! Passed quality check. (Peak=-3.50dB, RMS=-20.10dB)
Processing final_track_14.mp3...
  -> SUCCESS! Passed quality check. (Peak=-3.50dB, RMS=-20.10dB)
Processing final_track_15.mp3...
  -> SUCCESS! Passed quality check. (Peak=-3.50dB, RMS=-20.00dB)
Processing final_track_16.mp3...
  -> SUCCESS! Passed quality check. (Peak=-3.50dB, RMS=-19.90dB)
Processing final_track_17.mp3...
  -> SUCCESS! Passed quality check. (Peak=-3.50dB, RMS=-19.70dB)
Processing final_track_18.mp3...
  -> SUCCESS! Passed quality check. (Peak=-3.50dB, RMS=-19.90dB)
Processing final_track_19.mp3...
  -> SUCCESS! Passed quality check. (Peak=-3.50dB, RMS=-19.80dB)
Processing final_track_20.mp3...
  -> SUCCESS! Passed quality check. (Peak=-3.50dB, RMS=-19.70dB)
Processing final_track_21.mp3...
  -> SUCCESS! Passed quality check. (Peak=-3.50dB, RMS=-19.90dB)
Processing final_track_22.mp3...
  -> SUCCESS! Passed quality check. (Peak=-3.50dB, RMS=-19.80dB)
Processing final_track_23.mp3...
  -> SUCCESS! Passed quality check. (Peak=-3.50dB, RMS=-19.90dB)
Processing final_track_24.mp3...
  -> SUCCESS! Passed quality check. (Peak=-3.50dB, RMS=-19.90dB)
Processing final_track_25.mp3...
  -> SUCCESS! Passed quality check. (Peak=-3.80dB, RMS=-19.70dB)
Processing final_track_26.mp3...
  -> SUCCESS! Passed quality check. (Peak=-3.60dB, RMS=-19.70dB)
Processing final_track_27.mp3...
  -> SUCCESS! Passed quality check. (Peak=-3.50dB, RMS=-19.60dB)
Processing final_track_28.mp3...
  -> SUCCESS! Passed quality check. (Peak=-3.50dB, RMS=-19.60dB)
Processing sample.mp3...
  -> SUCCESS! Passed quality check. (Peak=-3.70dB, RMS=-19.40dB)

============================================================
Process complete: 31 files fixed successfully, 0 files failed.
============================================================
==========================================================
Step 5: Verifying quality of all tracks...
==========================================================
Scanning 31 files...

================================================================================
 AUDIO QUALITY CHECK REPORT: 31 PASSED, 0 FAILED
================================================================================

File: closing.mp3
  Status: [PASS]
  Format: 256kbps CBR, 44100Hz, 1ch, 2.11 mins
  Levels: Peak = -3.50 dB, RMS = -20.20 dB
  Silence: Leading = 2.00s (target: 0.5-1.0s), Trailing = 2.00s (target: 1.0-5.0s)
--------------------------------------------------
File: final_track_00_intro.mp3
  Status: [PASS]
  Format: 256kbps CBR, 44100Hz, 1ch, 0.17 mins
  Levels: Peak = -3.50 dB, RMS = -22.50 dB
  Silence: Leading = 2.00s (target: 0.5-1.0s), Trailing = 2.00s (target: 1.0-5.0s)
--------------------------------------------------
File: final_track_01.mp3
  Status: [PASS]
  Format: 256kbps CBR, 44100Hz, 1ch, 1.59 mins
  Levels: Peak = -3.50 dB, RMS = -19.60 dB
  Silence: Leading = 2.00s (target: 0.5-1.0s), Trailing = 2.00s (target: 1.0-5.0s)
--------------------------------------------------
File: final_track_02.mp3
  Status: [PASS]
  Format: 256kbps CBR, 44100Hz, 1ch, 10.84 mins
  Levels: Peak = -3.40 dB, RMS = -19.90 dB
  Silence: Leading = 2.00s (target: 0.5-1.0s), Trailing = 2.00s (target: 1.0-5.0s)
--------------------------------------------------
File: final_track_03.mp3
  Status: [PASS]
  Format: 256kbps CBR, 44100Hz, 1ch, 9.40 mins
  Levels: Peak = -3.50 dB, RMS = -20.00 dB
  Silence: Leading = 2.00s (target: 0.5-1.0s), Trailing = 2.00s (target: 1.0-5.0s)
--------------------------------------------------
File: final_track_04.mp3
  Status: [PASS]
  Format: 256kbps CBR, 44100Hz, 1ch, 8.48 mins
  Levels: Peak = -3.50 dB, RMS = -20.00 dB
  Silence: Leading = 2.00s (target: 0.5-1.0s), Trailing = 2.00s (target: 1.0-5.0s)
--------------------------------------------------
File: final_track_05.mp3
  Status: [PASS]
  Format: 256kbps CBR, 44100Hz, 1ch, 32.50 mins
  Levels: Peak = -3.40 dB, RMS = -20.70 dB
  Silence: Leading = 2.00s (target: 0.5-1.0s), Trailing = 2.00s (target: 1.0-5.0s)
--------------------------------------------------
File: final_track_06.mp3
  Status: [PASS]
  Format: 256kbps CBR, 44100Hz, 1ch, 12.18 mins
  Levels: Peak = -3.40 dB, RMS = -19.90 dB
  Silence: Leading = 2.00s (target: 0.5-1.0s), Trailing = 2.00s (target: 1.0-5.0s)
--------------------------------------------------
File: final_track_07.mp3
  Status: [PASS]
  Format: 256kbps CBR, 44100Hz, 1ch, 12.61 mins
  Levels: Peak = -3.40 dB, RMS = -20.20 dB
  Silence: Leading = 2.00s (target: 0.5-1.0s), Trailing = 2.00s (target: 1.0-5.0s)
--------------------------------------------------
File: final_track_08.mp3
  Status: [PASS]
  Format: 256kbps CBR, 44100Hz, 1ch, 12.35 mins
  Levels: Peak = -3.50 dB, RMS = -20.70 dB
  Silence: Leading = 2.00s (target: 0.5-1.0s), Trailing = 2.00s (target: 1.0-5.0s)
--------------------------------------------------
File: final_track_09.mp3
  Status: [PASS]
  Format: 256kbps CBR, 44100Hz, 1ch, 15.26 mins
  Levels: Peak = -3.40 dB, RMS = -20.20 dB
  Silence: Leading = 2.00s (target: 0.5-1.0s), Trailing = 2.00s (target: 1.0-5.0s)
--------------------------------------------------
File: final_track_10.mp3
  Status: [PASS]
  Format: 256kbps CBR, 44100Hz, 1ch, 14.91 mins
  Levels: Peak = -3.40 dB, RMS = -19.80 dB
  Silence: Leading = 2.00s (target: 0.5-1.0s), Trailing = 2.00s (target: 1.0-5.0s)
--------------------------------------------------
File: final_track_11.mp3
  Status: [PASS]
  Format: 256kbps CBR, 44100Hz, 1ch, 23.01 mins
  Levels: Peak = -3.50 dB, RMS = -20.30 dB
  Silence: Leading = 2.00s (target: 0.5-1.0s), Trailing = 2.00s (target: 1.0-5.0s)
--------------------------------------------------
File: final_track_12.mp3
  Status: [PASS]
  Format: 256kbps CBR, 44100Hz, 1ch, 17.01 mins
  Levels: Peak = -3.50 dB, RMS = -20.60 dB
  Silence: Leading = 2.00s (target: 0.5-1.0s), Trailing = 2.00s (target: 1.0-5.0s)
--------------------------------------------------
File: final_track_13.mp3
  Status: [PASS]
  Format: 256kbps CBR, 44100Hz, 1ch, 17.70 mins
  Levels: Peak = -3.50 dB, RMS = -21.20 dB
  Silence: Leading = 2.00s (target: 0.5-1.0s), Trailing = 2.00s (target: 1.0-5.0s)
--------------------------------------------------
File: final_track_14.mp3
  Status: [PASS]
  Format: 256kbps CBR, 44100Hz, 1ch, 25.95 mins
  Levels: Peak = -3.50 dB, RMS = -20.40 dB
  Silence: Leading = 2.00s (target: 0.5-1.0s), Trailing = 2.00s (target: 1.0-5.0s)
--------------------------------------------------
File: final_track_15.mp3
  Status: [PASS]
  Format: 256kbps CBR, 44100Hz, 1ch, 24.05 mins
  Levels: Peak = -3.40 dB, RMS = -20.80 dB
  Silence: Leading = 2.00s (target: 0.5-1.0s), Trailing = 2.00s (target: 1.0-5.0s)
--------------------------------------------------
File: final_track_16.mp3
  Status: [PASS]
  Format: 256kbps CBR, 44100Hz, 1ch, 22.54 mins
  Levels: Peak = -3.40 dB, RMS = -20.50 dB
  Silence: Leading = 2.00s (target: 0.5-1.0s), Trailing = 2.00s (target: 1.0-5.0s)
--------------------------------------------------
File: final_track_17.mp3
  Status: [PASS]
  Format: 256kbps CBR, 44100Hz, 1ch, 14.64 mins
  Levels: Peak = -3.50 dB, RMS = -20.40 dB
  Silence: Leading = 2.00s (target: 0.5-1.0s), Trailing = 2.00s (target: 1.0-5.0s)
--------------------------------------------------
File: final_track_18.mp3
  Status: [PASS]
  Format: 256kbps CBR, 44100Hz, 1ch, 13.74 mins
  Levels: Peak = -3.50 dB, RMS = -20.20 dB
  Silence: Leading = 2.00s (target: 0.5-1.0s), Trailing = 2.00s (target: 1.0-5.0s)
--------------------------------------------------
File: final_track_19.mp3
  Status: [PASS]
  Format: 256kbps CBR, 44100Hz, 1ch, 13.59 mins
  Levels: Peak = -3.50 dB, RMS = -20.40 dB
  Silence: Leading = 2.00s (target: 0.5-1.0s), Trailing = 2.00s (target: 1.0-5.0s)
--------------------------------------------------
File: final_track_20.mp3
  Status: [PASS]
  Format: 256kbps CBR, 44100Hz, 1ch, 22.19 mins
  Levels: Peak = -3.50 dB, RMS = -20.30 dB
  Silence: Leading = 2.00s (target: 0.5-1.0s), Trailing = 2.00s (target: 1.0-5.0s)
--------------------------------------------------
File: final_track_21.mp3
  Status: [PASS]
  Format: 256kbps CBR, 44100Hz, 1ch, 15.69 mins
  Levels: Peak = -3.50 dB, RMS = -20.50 dB
  Silence: Leading = 2.00s (target: 0.5-1.0s), Trailing = 2.00s (target: 1.0-5.0s)
--------------------------------------------------
File: final_track_22.mp3
  Status: [PASS]
  Format: 256kbps CBR, 44100Hz, 1ch, 20.62 mins
  Levels: Peak = -3.50 dB, RMS = -20.20 dB
  Silence: Leading = 2.00s (target: 0.5-1.0s), Trailing = 2.00s (target: 1.0-5.0s)
--------------------------------------------------
File: final_track_23.mp3
  Status: [PASS]
  Format: 256kbps CBR, 44100Hz, 1ch, 11.10 mins
  Levels: Peak = -3.50 dB, RMS = -20.70 dB
  Silence: Leading = 2.00s (target: 0.5-1.0s), Trailing = 2.00s (target: 1.0-5.0s)
--------------------------------------------------
File: final_track_24.mp3
  Status: [PASS]
  Format: 256kbps CBR, 44100Hz, 1ch, 23.75 mins
  Levels: Peak = -3.50 dB, RMS = -20.30 dB
  Silence: Leading = 2.00s (target: 0.5-1.0s), Trailing = 2.00s (target: 1.0-5.0s)
--------------------------------------------------
File: final_track_25.mp3
  Status: [PASS]
  Format: 256kbps CBR, 44100Hz, 1ch, 24.10 mins
  Levels: Peak = -3.00 dB, RMS = -20.70 dB
  Silence: Leading = 2.00s (target: 0.5-1.0s), Trailing = 2.00s (target: 1.0-5.0s)
--------------------------------------------------
File: final_track_26.mp3
  Status: [PASS]
  Format: 256kbps CBR, 44100Hz, 1ch, 12.68 mins
  Levels: Peak = -3.50 dB, RMS = -19.80 dB
  Silence: Leading = 2.00s (target: 0.5-1.0s), Trailing = 2.00s (target: 1.0-5.0s)
--------------------------------------------------
File: final_track_27.mp3
  Status: [PASS]
  Format: 256kbps CBR, 44100Hz, 1ch, 18.57 mins
  Levels: Peak = -3.40 dB, RMS = -20.00 dB
  Silence: Leading = 2.00s (target: 0.5-1.0s), Trailing = 2.00s (target: 1.0-5.0s)
--------------------------------------------------
File: final_track_28.mp3
  Status: [PASS]
  Format: 256kbps CBR, 44100Hz, 1ch, 27.94 mins
  Levels: Peak = -3.50 dB, RMS = -19.90 dB
  Silence: Leading = 2.00s (target: 0.5-1.0s), Trailing = 2.00s (target: 1.0-5.0s)
--------------------------------------------------
File: sample.mp3
  Status: [PASS]
  Format: 256kbps CBR, 44100Hz, 1ch, 4.50 mins
  Levels: Peak = -3.50 dB, RMS = -19.90 dB
  Silence: Leading = 2.00s (target: 0.5-1.0s), Trailing = 2.00s (target: 1.0-5.0s)
--------------------------------------------------

Summary: 31 files passed, 0 files failed.
Scanning 31 files...

================================================================================
 AUDIO QUALITY CHECK REPORT: 31 PASSED, 0 FAILED
================================================================================

File: closing.mp3
  Status: [PASS]
  Format: 192kbps CBR, 44100Hz, 1ch, 2.26 mins
  Levels: Peak = -4.80 dB, RMS = -19.60 dB
  Silence: Leading = 2.00s (target: 0.5-1.0s), Trailing = 2.00s (target: 1.0-5.0s)
--------------------------------------------------
File: final_track_00_intro.mp3
  Status: [PASS]
  Format: 192kbps CBR, 44100Hz, 1ch, 0.16 mins
  Levels: Peak = -5.30 dB, RMS = -22.20 dB
  Silence: Leading = 2.00s (target: 0.5-1.0s), Trailing = 2.00s (target: 1.0-5.0s)
--------------------------------------------------
File: final_track_01.mp3
  Status: [PASS]
  Format: 192kbps CBR, 44100Hz, 1ch, 2.00 mins
  Levels: Peak = -4.00 dB, RMS = -19.40 dB
  Silence: Leading = 2.00s (target: 0.5-1.0s), Trailing = 2.00s (target: 1.0-5.0s)
--------------------------------------------------
File: final_track_02.mp3
  Status: [PASS]
  Format: 256kbps CBR, 44100Hz, 1ch, 15.21 mins
  Levels: Peak = -4.00 dB, RMS = -19.60 dB
  Silence: Leading = 2.00s (target: 0.5-1.0s), Trailing = 2.00s (target: 1.0-5.0s)
--------------------------------------------------
File: final_track_03.mp3
  Status: [PASS]
  Format: 256kbps CBR, 44100Hz, 1ch, 13.11 mins
  Levels: Peak = -3.90 dB, RMS = -19.30 dB
  Silence: Leading = 2.00s (target: 0.5-1.0s), Trailing = 2.00s (target: 1.0-5.0s)
--------------------------------------------------
File: final_track_04.mp3
  Status: [PASS]
  Format: 256kbps CBR, 44100Hz, 1ch, 11.46 mins
  Levels: Peak = -4.30 dB, RMS = -19.40 dB
  Silence: Leading = 2.00s (target: 0.5-1.0s), Trailing = 2.00s (target: 1.0-5.0s)
--------------------------------------------------
File: final_track_05.mp3
  Status: [PASS]
  Format: 256kbps CBR, 44100Hz, 1ch, 43.20 mins
  Levels: Peak = -3.50 dB, RMS = -19.80 dB
  Silence: Leading = 2.00s (target: 0.5-1.0s), Trailing = 2.00s (target: 1.0-5.0s)
--------------------------------------------------
File: final_track_06.mp3
  Status: [PASS]
  Format: 256kbps CBR, 44100Hz, 1ch, 16.47 mins
  Levels: Peak = -4.50 dB, RMS = -19.40 dB
  Silence: Leading = 2.00s (target: 0.5-1.0s), Trailing = 2.00s (target: 1.0-5.0s)
--------------------------------------------------
File: final_track_07.mp3
  Status: [PASS]
  Format: 256kbps CBR, 44100Hz, 1ch, 16.48 mins
  Levels: Peak = -3.50 dB, RMS = -19.50 dB
  Silence: Leading = 2.00s (target: 0.5-1.0s), Trailing = 2.00s (target: 1.0-5.0s)
--------------------------------------------------
File: final_track_08.mp3
  Status: [PASS]
  Format: 256kbps CBR, 44100Hz, 1ch, 16.44 mins
  Levels: Peak = -3.80 dB, RMS = -19.70 dB
  Silence: Leading = 2.00s (target: 0.5-1.0s), Trailing = 2.00s (target: 1.0-5.0s)
--------------------------------------------------
File: final_track_09.mp3
  Status: [PASS]
  Format: 256kbps CBR, 44100Hz, 1ch, 21.32 mins
  Levels: Peak = -3.50 dB, RMS = -19.50 dB
  Silence: Leading = 2.00s (target: 0.5-1.0s), Trailing = 2.00s (target: 1.0-5.0s)
--------------------------------------------------
File: final_track_10.mp3
  Status: [PASS]
  Format: 256kbps CBR, 44100Hz, 1ch, 19.65 mins
  Levels: Peak = -3.90 dB, RMS = -19.50 dB
  Silence: Leading = 2.00s (target: 0.5-1.0s), Trailing = 2.00s (target: 1.0-5.0s)
--------------------------------------------------
File: final_track_11.mp3
  Status: [PASS]
  Format: 256kbps CBR, 44100Hz, 1ch, 10.66 mins
  Levels: Peak = -3.50 dB, RMS = -19.70 dB
  Silence: Leading = 2.00s (target: 0.5-1.0s), Trailing = 2.00s (target: 1.0-5.0s)
--------------------------------------------------
File: final_track_12.mp3
  Status: [PASS]
  Format: 256kbps CBR, 44100Hz, 1ch, 21.15 mins
  Levels: Peak = -3.50 dB, RMS = -19.90 dB
  Silence: Leading = 2.00s (target: 0.5-1.0s), Trailing = 2.00s (target: 1.0-5.0s)
--------------------------------------------------
File: final_track_13.mp3
  Status: [PASS]
  Format: 256kbps CBR, 44100Hz, 1ch, 24.03 mins
  Levels: Peak = -3.50 dB, RMS = -20.10 dB
  Silence: Leading = 2.00s (target: 0.5-1.0s), Trailing = 2.00s (target: 1.0-5.0s)
--------------------------------------------------
File: final_track_14.mp3
  Status: [PASS]
  Format: 256kbps CBR, 44100Hz, 1ch, 36.21 mins
  Levels: Peak = -3.50 dB, RMS = -20.10 dB
  Silence: Leading = 2.00s (target: 0.5-1.0s), Trailing = 2.00s (target: 1.0-5.0s)
--------------------------------------------------
File: final_track_15.mp3
  Status: [PASS]
  Format: 256kbps CBR, 44100Hz, 1ch, 32.70 mins
  Levels: Peak = -3.50 dB, RMS = -20.00 dB
  Silence: Leading = 2.00s (target: 0.5-1.0s), Trailing = 2.00s (target: 1.0-5.0s)
--------------------------------------------------
File: final_track_16.mp3
  Status: [PASS]
  Format: 256kbps CBR, 44100Hz, 1ch, 30.06 mins
  Levels: Peak = -3.50 dB, RMS = -19.90 dB
  Silence: Leading = 2.00s (target: 0.5-1.0s), Trailing = 2.00s (target: 1.0-5.0s)
--------------------------------------------------
File: final_track_17.mp3
  Status: [PASS]
  Format: 256kbps CBR, 44100Hz, 1ch, 19.06 mins
  Levels: Peak = -3.50 dB, RMS = -19.70 dB
  Silence: Leading = 2.00s (target: 0.5-1.0s), Trailing = 2.00s (target: 1.0-5.0s)
--------------------------------------------------
File: final_track_18.mp3
  Status: [PASS]
  Format: 256kbps CBR, 44100Hz, 1ch, 18.37 mins
  Levels: Peak = -3.50 dB, RMS = -19.90 dB
  Silence: Leading = 2.00s (target: 0.5-1.0s), Trailing = 2.00s (target: 1.0-5.0s)
--------------------------------------------------
File: final_track_19.mp3
  Status: [PASS]
  Format: 256kbps CBR, 44100Hz, 1ch, 18.44 mins
  Levels: Peak = -3.50 dB, RMS = -19.80 dB
  Silence: Leading = 2.00s (target: 0.5-1.0s), Trailing = 2.00s (target: 1.0-5.0s)
--------------------------------------------------
File: final_track_20.mp3
  Status: [PASS]
  Format: 256kbps CBR, 44100Hz, 1ch, 28.75 mins
  Levels: Peak = -3.50 dB, RMS = -19.70 dB
  Silence: Leading = 2.00s (target: 0.5-1.0s), Trailing = 2.00s (target: 1.0-5.0s)
--------------------------------------------------
File: final_track_21.mp3
  Status: [PASS]
  Format: 256kbps CBR, 44100Hz, 1ch, 20.97 mins
  Levels: Peak = -3.50 dB, RMS = -19.90 dB
  Silence: Leading = 2.00s (target: 0.5-1.0s), Trailing = 2.00s (target: 1.0-5.0s)
--------------------------------------------------
File: final_track_22.mp3
  Status: [PASS]
  Format: 256kbps CBR, 44100Hz, 1ch, 27.33 mins
  Levels: Peak = -3.50 dB, RMS = -19.80 dB
  Silence: Leading = 2.00s (target: 0.5-1.0s), Trailing = 2.00s (target: 1.0-5.0s)
--------------------------------------------------
File: final_track_23.mp3
  Status: [PASS]
  Format: 256kbps CBR, 44100Hz, 1ch, 14.34 mins
  Levels: Peak = -3.50 dB, RMS = -19.90 dB
  Silence: Leading = 2.00s (target: 0.5-1.0s), Trailing = 2.00s (target: 1.0-5.0s)
--------------------------------------------------
File: final_track_24.mp3
  Status: [PASS]
  Format: 256kbps CBR, 44100Hz, 1ch, 33.20 mins
  Levels: Peak = -3.50 dB, RMS = -19.90 dB
  Silence: Leading = 2.00s (target: 0.5-1.0s), Trailing = 2.00s (target: 1.0-5.0s)
--------------------------------------------------
File: final_track_25.mp3
  Status: [PASS]
  Format: 256kbps CBR, 44100Hz, 1ch, 31.75 mins
  Levels: Peak = -3.80 dB, RMS = -19.70 dB
  Silence: Leading = 2.00s (target: 0.5-1.0s), Trailing = 2.00s (target: 1.0-5.0s)
--------------------------------------------------
File: final_track_26.mp3
  Status: [PASS]
  Format: 256kbps CBR, 44100Hz, 1ch, 17.48 mins
  Levels: Peak = -3.60 dB, RMS = -19.70 dB
  Silence: Leading = 2.00s (target: 0.5-1.0s), Trailing = 2.00s (target: 1.0-5.0s)
--------------------------------------------------
File: final_track_27.mp3
  Status: [PASS]
  Format: 256kbps CBR, 44100Hz, 1ch, 26.02 mins
  Levels: Peak = -3.50 dB, RMS = -19.60 dB
  Silence: Leading = 2.00s (target: 0.5-1.0s), Trailing = 2.00s (target: 1.0-5.0s)
--------------------------------------------------
File: final_track_28.mp3
  Status: [PASS]
  Format: 256kbps CBR, 44100Hz, 1ch, 39.52 mins
  Levels: Peak = -3.50 dB, RMS = -19.60 dB
  Silence: Leading = 2.00s (target: 0.5-1.0s), Trailing = 2.00s (target: 1.0-5.0s)
--------------------------------------------------
File: sample.mp3
  Status: [PASS]
  Format: 256kbps CBR, 44100Hz, 1ch, 4.53 mins
  Levels: Peak = -3.70 dB, RMS = -19.40 dB
  Silence: Leading = 2.00s (target: 0.5-1.0s), Trailing = 2.00s (target: 1.0-5.0s)
--------------------------------------------------

Summary: 31 files passed, 0 files failed.
==========================================================
SUCCESS: Rebuild and validation complete!
==========================================================
