Chapter 1 (Korean) already exists: /mnt/d/git_repo/TKprof_book/books/odyssey/final_audio/final_track_ko_01.mp3. Skipping.
Chapter 2 (Korean) already exists: /mnt/d/git_repo/TKprof_book/books/odyssey/final_audio/final_track_ko_02.mp3. Skipping.
Chapter 3 (Korean) already exists: /mnt/d/git_repo/TKprof_book/books/odyssey/final_audio/final_track_ko_03.mp3. Skipping.
Generating audio for Chapter 4 (Korean) from /mnt/d/git_repo/TKprof_book/books/odyssey/scripts/script_ch_04_ko.json...
  Synthesizing 109 segments concurrently...
  Trimming leading/trailing silences in Python...
Successfully generated raw audio track: /mnt/d/git_repo/TKprof_book/books/odyssey/temp_audio/raw_ch_ko_04.mp3
Applying quality post-processing...
Final track saved to: /mnt/d/git_repo/TKprof_book/books/odyssey/final_audio/final_track_ko_04.mp3
Generating audio for Chapter 5 (Korean) from /mnt/d/git_repo/TKprof_book/books/odyssey/scripts/script_ch_05_ko.json...
  Synthesizing 47 segments concurrently...
  Trimming leading/trailing silences in Python...
Successfully generated raw audio track: /mnt/d/git_repo/TKprof_book/books/odyssey/temp_audio/raw_ch_ko_05.mp3
Applying quality post-processing...
Final track saved to: /mnt/d/git_repo/TKprof_book/books/odyssey/final_audio/final_track_ko_05.mp3
Generating audio for Chapter 6 (Korean) from /mnt/d/git_repo/TKprof_book/books/odyssey/scripts/script_ch_06_ko.json...
  Synthesizing 28 segments concurrently...
  Trimming leading/trailing silences in Python...
Successfully generated raw audio track: /mnt/d/git_repo/TKprof_book/books/odyssey/temp_audio/raw_ch_ko_06.mp3
Applying quality post-processing...
Final track saved to: /mnt/d/git_repo/TKprof_book/books/odyssey/final_audio/final_track_ko_06.mp3
Generating audio for Chapter 7 (Korean) from /mnt/d/git_repo/TKprof_book/books/odyssey/scripts/script_ch_07_ko.json...
  Synthesizing 37 segments concurrently...
  Trimming leading/trailing silences in Python...
Successfully generated raw audio track: /mnt/d/git_repo/TKprof_book/books/odyssey/temp_audio/raw_ch_ko_07.mp3
Applying quality post-processing...
Final track saved to: /mnt/d/git_repo/TKprof_book/books/odyssey/final_audio/final_track_ko_07.mp3
Generating audio for Chapter 8 (Korean) from /mnt/d/git_repo/TKprof_book/books/odyssey/scripts/script_ch_08_ko.json...
  Synthesizing 67 segments concurrently...
  Trimming leading/trailing silences in Python...
Successfully generated raw audio track: /mnt/d/git_repo/TKprof_book/books/odyssey/temp_audio/raw_ch_ko_08.mp3
Applying quality post-processing...
Final track saved to: /mnt/d/git_repo/TKprof_book/books/odyssey/final_audio/final_track_ko_08.mp3
Generating audio for Chapter 9 (Korean) from /mnt/d/git_repo/TKprof_book/books/odyssey/scripts/script_ch_09_ko.json...
  Synthesizing 25 segments concurrently...
  Trimming leading/trailing silences in Python...
Successfully generated raw audio track: /mnt/d/git_repo/TKprof_book/books/odyssey/temp_audio/raw_ch_ko_09.mp3
Applying quality post-processing...
Final track saved to: /mnt/d/git_repo/TKprof_book/books/odyssey/final_audio/final_track_ko_09.mp3
Generating audio for Chapter 10 (Korean) from /mnt/d/git_repo/TKprof_book/books/odyssey/scripts/script_ch_10_ko.json...
  Synthesizing 67 segments concurrently...
  Trimming leading/trailing silences in Python...
Successfully generated raw audio track: /mnt/d/git_repo/TKprof_book/books/odyssey/temp_audio/raw_ch_ko_10.mp3
Applying quality post-processing...
Final track saved to: /mnt/d/git_repo/TKprof_book/books/odyssey/final_audio/final_track_ko_10.mp3
Generating audio for Chapter 11 (Korean) from /mnt/d/git_repo/TKprof_book/books/odyssey/scripts/script_ch_11_ko.json...
  Synthesizing 69 segments concurrently...
  Trimming leading/trailing silences in Python...
Successfully generated raw audio track: /mnt/d/git_repo/TKprof_book/books/odyssey/temp_audio/raw_ch_ko_11.mp3
Applying quality post-processing...
Final track saved to: /mnt/d/git_repo/TKprof_book/books/odyssey/final_audio/final_track_ko_11.mp3
Generating audio for Chapter 12 (Korean) from /mnt/d/git_repo/TKprof_book/books/odyssey/scripts/script_ch_12_ko.json...
  Synthesizing 34 segments concurrently...
  Trimming leading/trailing silences in Python...
Successfully generated raw audio track: /mnt/d/git_repo/TKprof_book/books/odyssey/temp_audio/raw_ch_ko_12.mp3
Applying quality post-processing...
Final track saved to: /mnt/d/git_repo/TKprof_book/books/odyssey/final_audio/final_track_ko_12.mp3
Generating audio for Chapter 13 (Korean) from /mnt/d/git_repo/TKprof_book/books/odyssey/scripts/script_ch_13_ko.json...
  Synthesizing 53 segments concurrently...
  Trimming leading/trailing silences in Python...
Successfully generated raw audio track: /mnt/d/git_repo/TKprof_book/books/odyssey/temp_audio/raw_ch_ko_13.mp3
Applying quality post-processing...
Final track saved to: /mnt/d/git_repo/TKprof_book/books/odyssey/final_audio/final_track_ko_13.mp3
Generating audio for Chapter 14 (Korean) from /mnt/d/git_repo/TKprof_book/books/odyssey/scripts/script_ch_14_ko.json...
  Synthesizing 53 segments concurrently...
  Trimming leading/trailing silences in Python...
Successfully generated raw audio track: /mnt/d/git_repo/TKprof_book/books/odyssey/temp_audio/raw_ch_ko_14.mp3
Applying quality post-processing...
