
=== ch_01  (model=gemma4:12b)
  [ 1/10] P0002
  [ 2/10] P0003
  [ 3/10] P0005  1 flagged
  [ 4/10] P0006  1 flagged
  [ 5/10] P0007
  [ 6/10] P0008
  [ 7/10] P0010
  [ 8/10] P0011
  [ 9/10] P0012  1 flagged
  [10/10] P0013

=== ch_02  (model=gemma4:12b)
  [ 1/13] P0002
  [ 2/13] P0003  1 flagged
  [ 3/13] P0005
  [ 4/13] P0007
  [ 5/13] P0009
  [ 6/13] P0010
  [ 7/13] P0012
  [ 8/13] P0014
  [ 9/13] P0016
  [10/13] P0017
  [11/13] P0018
  [12/13] P0020  1 flagged
  [13/13] P0022

=== ch_03  (model=gemma4:12b)
  [ 1/8] P0002
  [ 2/8] P0004
  [ 3/8] P0005
  [ 4/8] P0007
  [ 5/8] P0008
  [ 6/8] P0009  2 flagged
  [ 7/8] P0010
  [ 8/8] P0011

=== ch_04  (model=gemma4:12b)
  [ 1/12] P0002
  [ 2/12] P0003
  [ 3/12] P0005  1 flagged
  [ 4/12] P0006  1 flagged
  [ 5/12] P0008
  [ 6/12] P0010  1 flagged
  [ 7/12] P0011
  [ 8/12] P0012
  [ 9/12] P0013
  [10/12] P0014
  [11/12] P0015
  [12/12] P0016

=== ch_05  (model=gemma4:12b)
  [ 1/9] P0002
  [ 2/9] P0003
  [ 3/9] P0004
  [ 4/9] P0006  1 flagged
  [ 5/9] P0008  1 flagged
  [ 6/9] P0009
  [ 7/9] P0010  1 flagged
  [ 8/9] P0011
  [ 9/9] P0012

=== ch_06  (model=gemma4:12b)
  [ 1/7] P0002
  [ 2/7] P0003
  [ 3/7] P0005
  [ 4/7] P0006
  [ 5/7] P0008  1 flagged
  [ 6/7] P0009
  [ 7/7] P0010

=== ch_07  (model=gemma4:12b)
  [ 1/10] P0002
  [ 2/10] P0003
  [ 3/10] P0004
  [ 4/10] P0005
  [ 5/10] P0006  1 flagged
  [ 6/10] P0007
  [ 7/10] P0008
  [ 8/10] P0009  1 flagged
  [ 9/10] P0010
  [10/10] P0011

=== ch_08  (model=gemma4:12b)
  [ 1/6] P0002
  [ 2/6] P0004
  [ 3/6] P0005  1 flagged
  [ 4/6] P0007
  [ 5/6] P0008  1 flagged
  [ 6/6] P0010  2 flagged

=== ch_09  (model=gemma4:12b)
  [ 1/10] P0002
  [ 2/10] P0003
  [ 3/10] P0004
  [ 4/10] P0005
  [ 5/10] P0007
  [ 6/10] P0008
  [ 7/10] P0010
  [ 8/10] P0011  1 flagged
  [ 9/10] P0012
  [10/10] P0013  1 flagged

=== ch_10  (model=gemma4:12b)
  [ 1/7] P0002
  [ 2/7] P0003
  [ 3/7] P0005
  [ 4/7] P0006
  [ 5/7] P0007
  [ 6/7] P0008
  [ 7/7] P0009

=== ch_11  (model=gemma4:12b)
  [ 1/12] P0001
  [ 2/12] P0002
  [ 3/12] P0003
  [ 4/12] P0004  1 flagged
  [ 5/12] P0005  1 flagged
  [ 6/12] P0006
  [ 7/12] P0007
  [ 8/12] P0008
  [ 9/12] P0009  1 flagged
  [10/12] P0010  1 flagged
  [11/12] P0011
  [12/12] P0012

=== ch_12  (model=gemma4:12b)
  [ 1/12] P0001  1 flagged
  [ 2/12] P0002
  [ 3/12] P0003
  [ 4/12] P0004
  [ 5/12] P0005
  [ 6/12] P0006
  [ 7/12] P0007  1 flagged
  [ 8/12] P0008
  [ 9/12] P0009
  [10/12] P0010
  [11/12] P0011
  [12/12] P0012

=== ch_13  (model=gemma4:12b)
  [ 1/14] P0002
  [ 2/14] P0004
  [ 3/14] P0005
  [ 4/14] P0006  1 flagged
  [ 5/14] P0007
  [ 6/14] P0008
  [ 7/14] P0009
  [ 8/14] P0010
  [ 9/14] P0011
  [10/14] P0012
  [11/14] P0013
  [12/14] P0014
  [13/14] P0015
  [14/14] P0016

=== ch_14  (model=gemma4:12b)
  [ 1/10] P0002
  [ 2/10] P0003
  [ 3/10] P0004
  [ 4/10] P0005
  [ 5/10] P0007  1 flagged
  [ 6/10] P0008  1 flagged
  [ 7/10] P0009
  [ 8/10] P0010  2 flagged
  [10/10] P0013

=== ch_15  (model=gemma4:12b)
  [ 1/13] P0002  1 flagged
  [ 2/13] P0003
  [ 3/13] P0004
  [ 5/13] P0007
  [ 6/13] P0009
  [ 7/13] P0010
  [10/13] P0013
  [11/13] P0014
  [12/13] P0016
  [13/13] P0017  1 flagged

=== ch_16  (model=gemma4:12b)
  [ 1/12] P0002  1 flagged
  [ 2/12] P0003
  [ 3/12] P0004  2 flagged
  [ 4/12] P0005
  [ 5/12] P0006
  [ 6/12] P0007
  [ 7/12] P0008
  [ 8/12] P0009
  [ 9/12] P0011
  [10/12] P0013
  [11/12] P0015
  [12/12] P0016

=== ch_17  (model=gemma4:12b)
  [ 1/10] P0002
  [ 2/10] P0003
  [ 3/10] P0004
  [ 4/10] P0005
  [ 5/10] P0006
  [ 6/10] P0008
  [ 7/10] P0009  1 flagged
  [ 9/10] P0011
  [10/10] P0012  1 flagged

=== ch_18  (model=gemma4:12b)
  [ 1/8] P0002  1 flagged
  [ 2/8] P0003  2 flagged
  [ 3/8] P0004
  [ 4/8] P0005  1 flagged
  [ 5/8] P0006
  [ 6/8] P0008  1 flagged
  [ 7/8] P0010  1 flagged
  [ 8/8] P0012

=== ch_19  (model=gemma4:12b)
  [ 1/12] P0002
  [ 2/12] P0003
  [ 3/12] P0004
  [ 4/12] P0005
  [ 5/12] P0006  1 flagged
  [ 6/12] P0007
  [ 7/12] P0008  1 flagged
  [ 8/12] P0009
  [ 9/12] P0010
  [10/12] P0011
  [11/12] P0012
  [12/12] P0013

=== ch_20  (model=gemma4:12b)
  [ 1/13] P0002
  [ 2/13] P0003
  [ 3/13] P0004  2 flagged
  [ 4/13] P0005
  [ 5/13] P0006
  [ 6/13] P0007
  [ 7/13] P0008  1 flagged
  [ 8/13] P0009
  [ 9/13] P0011
  [11/13] P0013
  [12/13] P0014
  [13/13] P0015

=== ch_21  (model=gemma4:12b)
  [ 1/14] P0001
  [ 2/14] P0002
  [ 3/14] P0003
  [ 4/14] P0004
  [ 5/14] P0005
  [ 6/14] P0006
  [ 7/14] P0007
  [ 8/14] P0008
  [ 9/14] P0009
  [10/14] P0010  2 flagged
  [11/14] P0011
  [12/14] P0012
  [13/14] P0013  1 flagged
  [14/14] P0014

=== ch_22  (model=gemma4:12b)
  [ 1/14] P0001
  [ 2/14] P0002  1 flagged
  [ 3/14] P0003  1 flagged
  [ 4/14] P0004
  [ 5/14] P0005  1 flagged
  [ 6/14] P0006  1 flagged
  [ 7/14] P0007  1 flagged
  [ 8/14] P0008
  [ 9/14] P0009
  [10/14] P0010
  [11/14] P0011  1 flagged
  [12/14] P0012
  [13/14] P0013
  [14/14] P0014

=== ch_23  (model=gemma4:12b)
  [ 1/18] P0001
  [ 2/18] P0002
  [ 3/18] P0003  1 flagged
  [ 4/18] P0004
  [ 5/18] P0005  1 flagged
  [ 6/18] P0006
  [ 7/18] P0007
  [ 8/18] P0008
  [ 9/18] P0009
  [10/18] P0010
  [11/18] P0011
  [12/18] P0012
  [13/18] P0013
  [14/18] P0014
  [15/18] P0015
  [16/18] P0016
  [17/18] P0017  1 flagged
  [18/18] P0018  1 flagged

=== ch_24  (model=gemma4:12b)
  [ 1/17] P0001
  [ 2/17] P0002
  [ 3/17] P0003
  [ 4/17] P0004
  [ 5/17] P0005
  [ 6/17] P0006
  [ 7/17] P0007
  [ 8/17] P0008
  [ 9/17] P0009
  [10/17] P0010
  [11/17] P0011
  [12/17] P0012
  [13/17] P0013
  [14/17] P0014  1 flagged
  [15/17] P0015
  [16/17] P0016
  [17/17] P0017

93 problems -> C:\git_repo\TKprof_book\books\samguk_yusa\audit/problems.md
  {'EXTRA': 16, 'MISSING': 36, 'OMITTED': 28, 'SHIFTED': 13}
